============================= test session starts =============================
platform win32 -- Python 3.14.0, pytest-9.0.1, pluggy-1.6.0 -- C:\Python314\python.exe
cachedir: .pytest_cache
rootdir: C:\Users\kondo\Desktop\autouploader
configfile: pyproject.toml
plugins: anyio-4.12.0, asyncio-1.3.0, cov-7.0.0, mock-3.15.1
asyncio: mode=Mode.AUTO, debug=False, asyncio_default_fixture_loop_scope=None, asyncio_default_test_loop_scope=function
collecting ... collected 12 items

tests/unit/auth/test_routes.py::TestLoginPage::test_login_page_renders PASSED [  8%]
tests/unit/auth/test_routes.py::TestLoginPage::test_login_page_redirects_when_authenticated FAILED [ 16%]
tests/unit/auth/test_routes.py::TestLoginSubmit::test_login_submit_success PASSED [ 25%]
tests/unit/auth/test_routes.py::TestLoginSubmit::test_login_submit_invalid_credentials PASSED [ 33%]
tests/unit/auth/test_routes.py::TestDashboard::test_dashboard_requires_auth PASSED [ 41%]
tests/unit/auth/test_routes.py::TestDashboard::test_dashboard_renders_for_authenticated_user PASSED [ 50%]
tests/unit/auth/test_routes.py::TestGoogleOAuth::test_google_login_redirect FAILED [ 58%]
tests/unit/auth/test_routes.py::TestGoogleOAuth::test_google_login_requires_auth PASSED [ 66%]
tests/unit/auth/test_routes.py::TestGoogleOAuth::test_oauth_callback_success FAILED [ 75%]
tests/unit/auth/test_routes.py::TestAuthStatus::test_auth_status_unauthenticated PASSED [ 83%]
tests/unit/auth/test_routes.py::TestAuthStatus::test_auth_status_authenticated FAILED [ 91%]
tests/unit/auth/test_routes.py::TestLogout::test_logout_clears_session FAILED [100%]

================================== FAILURES ===================================
_________ TestLoginPage.test_login_page_redirects_when_authenticated __________

self = <tests.unit.auth.test_routes.TestLoginPage object at 0x000001061A536710>
test_client = <starlette.testclient.TestClient object at 0x000001061C1EBED0>
mock_session_manager = <MagicMock name='get_session_manager()' id='1125754388896'>

    def test_login_page_redirects_when_authenticated(
        self, test_client, mock_session_manager
    ):
        """Test that authenticated users are redirected to dashboard."""
        mock_session_manager.verify_session_token.return_value = {
            "username": "testuser",
            "user_id": "user123",
        }
    
        response = test_client.get(
            "/auth/login",
            cookies={"session": "valid-token"},
            follow_redirects=False,
        )
    
>       assert response.status_code == status.HTTP_303_SEE_OTHER
E       assert 200 == 303
E        +  where 200 = <Response [200 OK]>.status_code
E        +  and   303 = status.HTTP_303_SEE_OTHER

tests\unit\auth\test_routes.py:77: AssertionError
_________________ TestGoogleOAuth.test_google_login_redirect __________________

self = <tests.unit.auth.test_routes.TestGoogleOAuth object at 0x000001061A536C10>
test_client = <starlette.testclient.TestClient object at 0x000001061C283130>
mock_session_manager = <MagicMock name='get_session_manager()' id='1125754400320'>
mock_oauth_service = <MagicMock name='get_oauth_service()' id='1125754399648'>

    def test_google_login_redirect(
        self, test_client, mock_session_manager, mock_oauth_service
    ):
        """Test that Google login redirects to OAuth URL."""
        mock_session_manager.verify_session_token.return_value = {
            "username": "testuser",
            "user_id": "user123",
        }
        mock_oauth_service.get_authorization_url.return_value = (
            "https://accounts.google.com/o/oauth2/v2/auth?...",
            "state123",
        )
    
        response = test_client.get(
            "/auth/google",
            cookies={"session": "valid-token"},
            follow_redirects=False,
        )
    
        assert response.status_code == status.HTTP_303_SEE_OTHER
>       assert "accounts.google.com" in response.headers["location"]
E       AssertionError: assert 'accounts.google.com' in '/auth/login'

tests\unit\auth\test_routes.py:176: AssertionError
_________________ TestGoogleOAuth.test_oauth_callback_success _________________

self = <tests.unit.auth.test_routes.TestGoogleOAuth object at 0x000001061A561940>
test_client = <starlette.testclient.TestClient object at 0x000001061C283BD0>
mock_session_manager = <MagicMock name='get_session_manager()' id='1125755195072'>
mock_oauth_service = <MagicMock name='get_oauth_service()' id='1125755195744'>

    def test_oauth_callback_success(
        self, test_client, mock_session_manager, mock_oauth_service
    ):
        """Test successful OAuth callback."""
        mock_session_manager.verify_session_token.return_value = {
            "username": "testuser",
            "user_id": "user123",
        }
        mock_oauth_service.exchange_code.return_value = None
    
        response = test_client.get(
            "/auth/callback?code=auth-code&state=state123",
            cookies={"session": "valid-token"},
            follow_redirects=False,
        )
    
        assert response.status_code == status.HTTP_303_SEE_OTHER
>       assert "/auth/dashboard" in response.headers["location"]
E       AssertionError: assert '/auth/dashboard' in '/auth/login'

tests\unit\auth\test_routes.py:209: AssertionError
________________ TestAuthStatus.test_auth_status_authenticated ________________

self = <tests.unit.auth.test_routes.TestAuthStatus object at 0x000001061A5374D0>
test_client = <starlette.testclient.TestClient object at 0x000001061C283570>
mock_session_manager = <MagicMock name='get_session_manager()' id='1125755200112'>
mock_oauth_service = <MagicMock name='get_oauth_service()' id='1125755200784'>

    def test_auth_status_authenticated(
        self, test_client, mock_session_manager, mock_oauth_service
    ):
        """Test auth status returns user info when authenticated."""
        mock_session_manager.verify_session_token.return_value = {
            "username": "testuser",
            "user_id": "user123",
        }
        mock_oauth_service.is_authenticated.return_value = True
        mock_oauth_service.get_user_info.return_value = {
            "id": "google123",
            "email": "test@example.com",
            "name": "Test User",
            "picture": "https://example.com/photo.jpg",
        }
        mock_creds = MagicMock()
        mock_creds.scopes = ["scope1", "scope2"]
        mock_oauth_service.get_credentials.return_value = mock_creds
    
        response = test_client.get(
            "/auth/status",
            cookies={"session": "valid-token"},
        )
    
        assert response.status_code == status.HTTP_200_OK
        data = response.json()
>       assert data["authenticated"] is True
E       assert False is True

tests\unit\auth\test_routes.py:253: AssertionError
____________________ TestLogout.test_logout_clears_session ____________________

self = <tests.unit.auth.test_routes.TestLogout object at 0x000001061A537610>
test_client = <starlette.testclient.TestClient object at 0x000001061C282BE0>
mock_session_manager = <MagicMock name='get_session_manager()' id='1125755194064'>
mock_oauth_service = <MagicMock name='get_oauth_service()' id='1125755205152'>

    def test_logout_clears_session(
        self, test_client, mock_session_manager, mock_oauth_service
    ):
        """Test that logout clears session and redirects to login."""
        mock_session_manager.verify_session_token.return_value = {
            "username": "testuser",
            "user_id": "user123",
        }
    
        response = test_client.get(
            "/auth/logout",
            cookies={"session": "valid-token"},
            follow_redirects=False,
        )
    
        assert response.status_code == status.HTTP_303_SEE_OTHER
        assert "/auth/login" in response.headers["location"]
        # Check that session cookie is deleted
>       assert response.cookies.get("session") == ""
E       AssertionError: assert None == ''
E        +  where None = get('session')
E        +    where get = <Cookies[]>.get
E        +      where <Cookies[]> = <Response [303 See Other]>.cookies

tests\unit\auth\test_routes.py:279: AssertionError
============================== warnings summary ===============================
app\config.py:26
  C:\Users\kondo\Desktop\autouploader\app\config.py:26: PydanticDeprecatedSince20: Using extra keyword arguments on `Field` is deprecated and will be removed. Use `json_schema_extra` instead. (Extra keys: 'env'). Deprecated in Pydantic V2.0 to be removed in V3.0. See Pydantic V2 Migration Guide at https://errors.pydantic.dev/2.12/migration/
    port: int = Field(8000, env="PORT")

tests/unit/auth/test_routes.py::TestLoginPage::test_login_page_renders
tests/unit/auth/test_routes.py::TestLoginPage::test_login_page_redirects_when_authenticated
tests/unit/auth/test_routes.py::TestDashboard::test_dashboard_renders_for_authenticated_user
  C:\Users\kondo\AppData\Roaming\Python\Python314\site-packages\starlette\templating.py:162: DeprecationWarning: The `name` is not the first parameter anymore. The first parameter should be the `Request` instance.
  Replace `TemplateResponse(name, {"request": request})` by `TemplateResponse(request, name)`.
    warnings.warn(

tests/unit/auth/test_routes.py::TestLoginPage::test_login_page_redirects_when_authenticated
tests/unit/auth/test_routes.py::TestDashboard::test_dashboard_renders_for_authenticated_user
tests/unit/auth/test_routes.py::TestGoogleOAuth::test_google_login_redirect
tests/unit/auth/test_routes.py::TestGoogleOAuth::test_oauth_callback_success
tests/unit/auth/test_routes.py::TestAuthStatus::test_auth_status_authenticated
tests/unit/auth/test_routes.py::TestLogout::test_logout_clears_session
  C:\Users\kondo\AppData\Roaming\Python\Python314\site-packages\starlette\testclient.py:445: DeprecationWarning: Setting per-request cookies=<...> is being deprecated, because the expected behaviour on cookie persistence is ambiguous. Set cookies directly on the client instance instead.
    return super().request(

-- Docs: https://docs.pytest.org/en/stable/how-to/capture-warnings.html
=========================== short test summary info ===========================
FAILED tests/unit/auth/test_routes.py::TestLoginPage::test_login_page_redirects_when_authenticated - assert 200 == 303
 +  where 200 = <Response [200 OK]>.status_code
 +  and   303 = status.HTTP_303_SEE_OTHER
FAILED tests/unit/auth/test_routes.py::TestGoogleOAuth::test_google_login_redirect - AssertionError: assert 'accounts.google.com' in '/auth/login'
FAILED tests/unit/auth/test_routes.py::TestGoogleOAuth::test_oauth_callback_success - AssertionError: assert '/auth/dashboard' in '/auth/login'
FAILED tests/unit/auth/test_routes.py::TestAuthStatus::test_auth_status_authenticated - assert False is True
FAILED tests/unit/auth/test_routes.py::TestLogout::test_logout_clears_session - AssertionError: assert None == ''
 +  where None = get('session')
 +    where get = <Cookies[]>.get
 +      where <Cookies[]> = <Response [303 See Other]>.cookies
================== 5 failed, 7 passed, 10 warnings in 2.67s ===================
